com/example/EduSprint/config/FirebaseConfig.class
com/example/EduSprint/entity/Course.class
com/example/EduSprint/entity/Account.class
com/example/EduSprint/service/LearningObjectiveService$FieldGroup.class
com/example/EduSprint/dto/ObjectiveDTO.class
com/example/EduSprint/security/FirebasePrincipal.class
com/example/EduSprint/service/TaskService.class
com/example/EduSprint/service/AccountObjectiveService.class
com/example/EduSprint/controller/SubfieldOfStudyController.class
com/example/EduSprint/service/AccountService.class
com/example/EduSprint/repository/SolvedTaskRepository.class
com/example/EduSprint/config/WebConfig.class
com/example/EduSprint/config/WebConfig$1.class
com/example/EduSprint/storage/StorageException.class
com/example/EduSprint/security/FirebaseAuthFilter.class
com/example/EduSprint/service/ExplanationStepService$1.class
com/example/EduSprint/dto/ExplanationStepDTO.class
com/example/EduSprint/entity/SubfieldOfStudy.class
com/example/EduSprint/dto/ProgressSummaryDTO.class
com/example/EduSprint/storage/StorageProperties.class
com/example/EduSprint/storage/FileSystemStorageService.class
com/example/EduSprint/controller/TurnstileController.class
com/example/EduSprint/service/TurnstileService.class
com/example/EduSprint/repository/TaskRepository.class
com/example/EduSprint/controller/LearningObjectiveController.class
com/example/EduSprint/entity/SolvedTask.class
com/example/EduSprint/entity/Task.class
com/example/EduSprint/dto/CategoryProgressDTO.class
com/example/EduSprint/repository/FieldOfStudyRepository.class
com/example/EduSprint/controller/TaskController.class
com/example/EduSprint/service/FieldOfStudyService.class
com/example/EduSprint/service/LearningObjectiveService.class
com/example/EduSprint/service/CourseService.class
com/example/EduSprint/storage/StorageService.class
com/example/EduSprint/EduSprintApplication.class
com/example/EduSprint/service/ProgressService.class
com/example/EduSprint/repository/AccountObjectiveRepository.class
com/example/EduSprint/repository/LearningObjectiveRepository.class
com/example/EduSprint/service/ExplanationStepService.class
com/example/EduSprint/entity/ExplanationStep.class
com/example/EduSprint/repository/SubfieldOfStudyRepository.class
com/example/EduSprint/entity/AccountObjective.class
com/example/EduSprint/controller/ProgressController.class
com/example/EduSprint/entity/LearningObjective.class
com/example/EduSprint/repository/CourseRepository.class
com/example/EduSprint/controller/FieldOfStudyController.class
com/example/EduSprint/controller/SolvedTaskController.class
com/example/EduSprint/repository/ExplanationStepRepository.class
com/example/EduSprint/repository/AccountRepository.class
com/example/EduSprint/controller/AccountController.class
com/example/EduSprint/controller/ImageController.class
com/example/EduSprint/service/SubfieldOfStudyService.class
com/example/EduSprint/entity/FieldOfStudy.class
com/example/EduSprint/dto/ObjectiveWithStatusDTO.class
com/example/EduSprint/config/SecurityConfig.class
com/example/EduSprint/storage/StorageFileNotFoundException.class
