/Users/matino/Documents/Projects/matmat-backend/src/main/java/com/example/EduSprint/EduSprintApplication.java
/Users/matino/Documents/Projects/matmat-backend/src/main/java/com/example/EduSprint/config/FirebaseConfig.java
/Users/matino/Documents/Projects/matmat-backend/src/main/java/com/example/EduSprint/config/SecurityConfig.java
/Users/matino/Documents/Projects/matmat-backend/src/main/java/com/example/EduSprint/config/WebConfig.java
/Users/matino/Documents/Projects/matmat-backend/src/main/java/com/example/EduSprint/controller/AccountController.java
/Users/matino/Documents/Projects/matmat-backend/src/main/java/com/example/EduSprint/controller/FieldOfStudyController.java
/Users/matino/Documents/Projects/matmat-backend/src/main/java/com/example/EduSprint/controller/ImageController.java
/Users/matino/Documents/Projects/matmat-backend/src/main/java/com/example/EduSprint/controller/LearningObjectiveController.java
/Users/matino/Documents/Projects/matmat-backend/src/main/java/com/example/EduSprint/controller/ProgressController.java
/Users/matino/Documents/Projects/matmat-backend/src/main/java/com/example/EduSprint/controller/SolvedTaskController.java
/Users/matino/Documents/Projects/matmat-backend/src/main/java/com/example/EduSprint/controller/SubfieldOfStudyController.java
/Users/matino/Documents/Projects/matmat-backend/src/main/java/com/example/EduSprint/controller/TaskController.java
/Users/matino/Documents/Projects/matmat-backend/src/main/java/com/example/EduSprint/controller/TurnstileController.java
/Users/matino/Documents/Projects/matmat-backend/src/main/java/com/example/EduSprint/dto/CategoryProgressDTO.java
/Users/matino/Documents/Projects/matmat-backend/src/main/java/com/example/EduSprint/dto/ExplanationStepDTO.java
/Users/matino/Documents/Projects/matmat-backend/src/main/java/com/example/EduSprint/dto/ObjectiveDTO.java
/Users/matino/Documents/Projects/matmat-backend/src/main/java/com/example/EduSprint/dto/ObjectiveWithStatusDTO.java
/Users/matino/Documents/Projects/matmat-backend/src/main/java/com/example/EduSprint/dto/ProgressSummaryDTO.java
/Users/matino/Documents/Projects/matmat-backend/src/main/java/com/example/EduSprint/entity/Account.java
/Users/matino/Documents/Projects/matmat-backend/src/main/java/com/example/EduSprint/entity/AccountObjective.java
/Users/matino/Documents/Projects/matmat-backend/src/main/java/com/example/EduSprint/entity/Course.java
/Users/matino/Documents/Projects/matmat-backend/src/main/java/com/example/EduSprint/entity/ExplanationStep.java
/Users/matino/Documents/Projects/matmat-backend/src/main/java/com/example/EduSprint/entity/FieldOfStudy.java
/Users/matino/Documents/Projects/matmat-backend/src/main/java/com/example/EduSprint/entity/LearningObjective.java
/Users/matino/Documents/Projects/matmat-backend/src/main/java/com/example/EduSprint/entity/SolvedTask.java
/Users/matino/Documents/Projects/matmat-backend/src/main/java/com/example/EduSprint/entity/SubfieldOfStudy.java
/Users/matino/Documents/Projects/matmat-backend/src/main/java/com/example/EduSprint/entity/Task.java
/Users/matino/Documents/Projects/matmat-backend/src/main/java/com/example/EduSprint/repository/AccountObjectiveRepository.java
/Users/matino/Documents/Projects/matmat-backend/src/main/java/com/example/EduSprint/repository/AccountRepository.java
/Users/matino/Documents/Projects/matmat-backend/src/main/java/com/example/EduSprint/repository/CourseRepository.java
/Users/matino/Documents/Projects/matmat-backend/src/main/java/com/example/EduSprint/repository/ExplanationStepRepository.java
/Users/matino/Documents/Projects/matmat-backend/src/main/java/com/example/EduSprint/repository/FieldOfStudyRepository.java
/Users/matino/Documents/Projects/matmat-backend/src/main/java/com/example/EduSprint/repository/LearningObjectiveRepository.java
/Users/matino/Documents/Projects/matmat-backend/src/main/java/com/example/EduSprint/repository/SolvedTaskRepository.java
/Users/matino/Documents/Projects/matmat-backend/src/main/java/com/example/EduSprint/repository/SubfieldOfStudyRepository.java
/Users/matino/Documents/Projects/matmat-backend/src/main/java/com/example/EduSprint/repository/TaskRepository.java
/Users/matino/Documents/Projects/matmat-backend/src/main/java/com/example/EduSprint/security/FirebaseAuthFilter.java
/Users/matino/Documents/Projects/matmat-backend/src/main/java/com/example/EduSprint/security/FirebasePrincipal.java
/Users/matino/Documents/Projects/matmat-backend/src/main/java/com/example/EduSprint/service/AccountObjectiveService.java
/Users/matino/Documents/Projects/matmat-backend/src/main/java/com/example/EduSprint/service/AccountService.java
/Users/matino/Documents/Projects/matmat-backend/src/main/java/com/example/EduSprint/service/CourseService.java
/Users/matino/Documents/Projects/matmat-backend/src/main/java/com/example/EduSprint/service/ExplanationStepService.java
/Users/matino/Documents/Projects/matmat-backend/src/main/java/com/example/EduSprint/service/FieldOfStudyService.java
/Users/matino/Documents/Projects/matmat-backend/src/main/java/com/example/EduSprint/service/LearningObjectiveService.java
/Users/matino/Documents/Projects/matmat-backend/src/main/java/com/example/EduSprint/service/ProgressService.java
/Users/matino/Documents/Projects/matmat-backend/src/main/java/com/example/EduSprint/service/SubfieldOfStudyService.java
/Users/matino/Documents/Projects/matmat-backend/src/main/java/com/example/EduSprint/service/TaskService.java
/Users/matino/Documents/Projects/matmat-backend/src/main/java/com/example/EduSprint/service/TurnstileService.java
/Users/matino/Documents/Projects/matmat-backend/src/main/java/com/example/EduSprint/storage/FileSystemStorageService.java
/Users/matino/Documents/Projects/matmat-backend/src/main/java/com/example/EduSprint/storage/StorageException.java
/Users/matino/Documents/Projects/matmat-backend/src/main/java/com/example/EduSprint/storage/StorageFileNotFoundException.java
/Users/matino/Documents/Projects/matmat-backend/src/main/java/com/example/EduSprint/storage/StorageProperties.java
/Users/matino/Documents/Projects/matmat-backend/src/main/java/com/example/EduSprint/storage/StorageService.java
